

Eignvalues of our static Hamiltonian
16-element Vector{Float64}:
 -3.079489849777795
 -2.5326129311444445
 -1.6696458225238509
 -1.5578246896805743
 -1.44980618784059
 -0.995906110099248
 -0.5583277689939525
 -0.2817514604212701
  0.4646407820392879
  0.8072864836726907
  1.2879887171522424
  1.5445494483286744
  1.9646047325155975
  2.1773054223588524
  2.4894680759985595
 15.773086639487243
Actual energy: -2.747909760794309
Iter     Function value   Gradient norm
     0     1.176070e+00     2.136851e+01
 * time: 5.698204040527344e-5
     1     4.535606e-01     8.810505e+00
 * time: 47.869483947753906
     2    -3.318972e-02     8.548300e+00
 * time: 60.115537881851196
     3    -7.575556e-02     5.600608e+00
 * time: 63.74899888038635
     4    -1.331057e-01     1.209297e+01
 * time: 67.38403487205505
     5    -5.532161e-01     4.716498e+00
 * time: 74.64662599563599
     6    -7.960821e-01     6.435783e+00
 * time: 78.1787269115448
     7    -8.654582e-01     7.037634e+00
 * time: 85.28450179100037
     8    -1.404230e+00     6.536968e+00
 * time: 88.46743202209473
     9    -1.774557e+00     4.426478e+00
 * time: 95.36067199707031
    10    -1.890603e+00     3.168988e+00
 * time: 98.93771290779114
    11    -2.036243e+00     4.334343e+00
 * time: 102.46992182731628
    12    -2.217367e+00     4.052388e+00
 * time: 162.34892201423645
    13    -2.299781e+00     3.525427e+00
 * time: 169.2568199634552
    14    -2.385399e+00     4.984259e+00
 * time: 175.74528789520264
    15    -2.463139e+00     3.453671e+00
 * time: 297.4294888973236
    16    -2.548281e+00     3.135881e+00
 * time: 300.61281991004944
    17    -2.582152e+00     2.051198e+00
 * time: 303.90101981163025
    18    -2.605009e+00     1.235217e+00
 * time: 307.0980370044708
    19    -2.629433e+00     1.549164e+00
 * time: 313.6327118873596
    20    -2.633041e+00     1.766028e+00
 * time: 320.4116439819336
    21    -2.641007e+00     1.865026e+00
 * time: 327.1793689727783
    22    -2.657769e+00     1.694609e+00
 * time: 333.99289894104004
    23    -2.666014e+00     2.087667e+00
 * time: 340.6194648742676
    24    -2.688384e+00     1.237680e+00
 * time: 965.6538088321686
    25    -2.709037e+00     3.198573e+00
 * time: 969.0104608535767
    26    -2.719871e+00     1.899165e+00
 * time: 1012.325345993042
    27    -2.731110e+00     9.816599e-01
 * time: 1015.6656329631805
    28    -2.736117e+00     3.257247e-01
 * time: 1018.9442059993744
    29    -2.738909e+00     3.712447e-01
 * time: 1022.2233347892761
    30    -2.741223e+00     4.016686e-01
 * time: 1025.524889945984
    31    -2.742564e+00     4.758775e-01
 * time: 1028.9236769676208
    32    -2.743525e+00     6.591246e-01
 * time: 1032.2923049926758
    33    -2.745720e+00     2.099523e-01
 * time: 1086.82861495018
    34    -2.746165e+00     1.903928e-01
 * time: 1090.319163799286
    35    -2.746990e+00     9.200477e-02
 * time: 1093.796711921692
    36    -2.747138e+00     2.513692e-01
 * time: 1100.646509885788
    37    -2.747329e+00     4.012470e-01
 * time: 1104.1609740257263
    38    -2.747520e+00     2.167966e-01
 * time: 1107.7205238342285
    39    -2.747657e+00     8.533179e-02
 * time: 1111.315997838974
    40    -2.747723e+00     1.216180e-01
 * time: 1114.8514499664307
    41    -2.747789e+00     1.099098e-01
 * time: 1118.4429240226746
    42    -2.747841e+00     5.590599e-02
 * time: 1323.5314888954163
    43    -2.747874e+00     5.185995e-02
 * time: 1327.2694809436798
    44    -2.747886e+00     4.051227e-02
 * time: 1330.713788986206
    45    -2.747888e+00     4.872473e-02
 * time: 1334.3362939357758
    46    -2.747896e+00     3.059928e-02
 * time: 1341.3038218021393
    47    -2.747902e+00     1.563136e-02
 * time: 1344.9298388957977
    48    -2.747902e+00     2.319687e-02
 * time: 1348.3935298919678
    49    -2.747903e+00     2.215456e-02
 * time: 1355.1945118904114
    50    -2.747905e+00     2.115171e-02
 * time: 1358.7073228359222
    51    -2.747907e+00     1.258780e-02
 * time: 1362.1362268924713
    52    -2.747908e+00     1.538849e-02
 * time: 1365.6191399097443
    53    -2.747908e+00     1.530536e-02
 * time: 1372.7367069721222
    54    -2.747908e+00     1.134066e-02
 * time: 1376.150587797165
    55    -2.747909e+00     5.116422e-03
 * time: 1379.538246870041
    56    -2.747909e+00     3.625034e-03
 * time: 1382.9490239620209
    57    -2.747909e+00     3.944128e-03
 * time: 1386.3237028121948
    58    -2.747910e+00     2.910097e-03
 * time: 1389.6770038604736
    59    -2.747910e+00     1.402729e-03
 * time: 1393.0147619247437
    60    -2.747910e+00     4.066962e-03
 * time: 1396.3599309921265
    61    -2.747910e+00     4.308370e-03
 * time: 1399.759017944336
    62    -2.747910e+00     4.555550e-03
 * time: 1406.5840888023376
    63    -2.747910e+00     2.831786e-03
 * time: 1417.1094419956207
    64    -2.747910e+00     2.317721e-03
 * time: 1424.1673820018768
    65    -2.747910e+00     1.436085e-03
 * time: 1427.608699798584
    66    -2.747910e+00     1.252108e-03
 * time: 1431.0029969215393
    67    -2.747910e+00     9.993428e-04
 * time: 1434.3427169322968
    68    -2.747910e+00     1.569908e-03
 * time: 1441.1292479038239
    69    -2.747910e+00     8.250696e-04
 * time: 1444.5746369361877
    70    -2.747910e+00     1.071087e-03
 * time: 1447.9757850170135
    71    -2.747910e+00     6.950518e-04
 * time: 1451.3637118339539
    72    -2.747910e+00     3.193327e-04
 * time: 1454.757019996643
    73    -2.747910e+00     9.260786e-04
 * time: 1461.5902898311615
    74    -2.747910e+00     9.285437e-04
 * time: 1465.1627678871155
Actual energy: -2.747909760794309