8-element Vector{Float64}:
 -1.0578905065557112
 -0.9692183768841292
 -0.7201853259830737
 -0.12136829838559526
  0.6237628109952921
  1.0446056700347282
  1.9232662778969052
  7.442041234812278
Actual energy: -1.4493184465335687
Iter     Function value   Gradient norm
     0     1.942349e-01     5.793447e+00
 * time: 5.4836273193359375e-5
     1    -1.777235e-01     4.121659e+00
 * time: 3.3613219261169434
     2    -7.815836e-01     3.043876e+00
 * time: 3.9080348014831543
     3    -8.623484e-01     3.178292e+00
 * time: 6.245240926742554
     4    -1.094555e+00     4.152216e+00
 * time: 6.803219795227051
     5    -1.161848e+00     3.294251e+00
 * time: 7.894861936569214
     6    -1.320479e+00     1.767174e+00
 * time: 8.45241093635559
     7    -1.362618e+00     1.717116e+00
 * time: 9.019081830978394
     8    -1.395828e+00     1.410773e+00
 * time: 9.575252771377563
     9    -1.410989e+00     9.153406e-01
 * time: 10.127553939819336
    10    -1.422512e+00     8.123010e-01
 * time: 10.677452802658081
    11    -1.434200e+00     5.055157e-01
 * time: 11.226361989974976
    12    -1.439201e+00     4.530822e-01
 * time: 11.778658866882324
    13    -1.442456e+00     3.190983e-01
 * time: 12.332450866699219
    14    -1.445286e+00     4.015194e-01
 * time: 12.884817838668823
    15    -1.447378e+00     2.097663e-01
 * time: 13.444111824035645
    16    -1.448563e+00     1.216928e-01
 * time: 13.9977388381958
    17    -1.448789e+00     1.222240e-01
 * time: 15.101157903671265
    18    -1.448920e+00     1.599790e-01
 * time: 15.656295776367188
    19    -1.449179e+00     7.320831e-02
 * time: 16.209686994552612
    20    -1.449226e+00     5.997553e-02
 * time: 16.762387990951538
    21    -1.449270e+00     5.704605e-02
 * time: 17.874429941177368
    22    -1.449302e+00     3.619737e-02
 * time: 18.430779933929443
    23    -1.449309e+00     2.335121e-02
 * time: 18.98686695098877
    24    -1.449313e+00     1.497007e-02
 * time: 19.53725790977478
    25    -1.449314e+00     7.615406e-03
 * time: 20.08982276916504
    26    -1.449315e+00     5.536301e-03
 * time: 20.648072004318237
    27    -1.449316e+00     1.114075e-02
 * time: 21.204550981521606
    28    -1.449316e+00     1.344412e-02
 * time: 21.758473873138428
    29    -1.449317e+00     8.032308e-03
 * time: 22.319548845291138
    30    -1.449318e+00     5.673114e-03
 * time: 23.42944097518921
    31    -1.449318e+00     2.328267e-03
 * time: 23.98746395111084
    32    -1.449318e+00     2.040564e-03
 * time: 24.54397988319397
    33    -1.449318e+00     1.130006e-03
 * time: 25.10193181037903
    34    -1.449318e+00     5.635336e-04
 * time: 25.663107872009277
    35    -1.449318e+00     4.675943e-04
 * time: 26.22172999382019
    36    -1.449318e+00     3.726264e-04
 * time: 26.80299186706543
    37    -1.449318e+00     2.438354e-04
 * time: 27.359344005584717
    38    -1.449318e+00     1.589523e-04
 * time: 27.916343927383423
    39    -1.449318e+00     2.005791e-04
 * time: 28.474933862686157
    40    -1.449318e+00     1.302440e-04
 * time: 29.030634880065918
Iter     Function value   Gradient norm
     0    -1.449318e+00     1.302440e-04
 * time: 5.3882598876953125e-5
     1    -1.449318e+00     8.592229e-05
 * time: 3.908782958984375
     2    -1.449318e+00     5.519711e-05
 * time: 4.477903842926025
Iter     Function value   Gradient norm
     0    -1.449318e+00     5.519711e-05
 * time: 5.1975250244140625e-5
     1    -1.449318e+00     1.179423e-04
 * time: 3.398469924926758
     2    -1.449318e+00     8.838167e-05
 * time: 3.9638779163360596
Actual energy: -1.4493184465335687