32-element Vector{Float64}:
 -4.328900456785225
 -3.8046091598599734
 -3.2115814778866447
 -2.8951735098970954
 -2.8620412825130543
 -2.1949360017487622
 -2.032692110204996
 -1.8015564899350194
 -1.5743373851874312
 -1.0691615413054174
 -0.8944652265657552
 -0.7559686586044125
 -0.4157385987613896
 -0.15327783542885817
  0.006677664242412396
  0.18756195028595427
  0.40528337475476567
  0.4984746914833431
  0.9125124605957566
  1.1189501575828664
  1.3008465302161496
  1.515059660877505
  1.6263778147655754
  2.0624029827691457
  2.2680193615232116
  2.7194680797600093
  3.024374645587031
  3.119491158881322
  3.385250176354271
  3.895833392010219
  4.229648602083836
 30.982180043272987
Actual energy: -4.12090353893256
Iter     Function value   Gradient norm
     0     7.380290e-01     1.573617e+01
 * time: 5.602836608886719e-5
     1    -3.498312e-01     1.444343e+01
 * time: 166.44016695022583
     2    -4.634303e-01     9.507383e+00
 * time: 183.9882709980011
     3    -5.583679e-01     9.609609e+00
 * time: 201.64360809326172
     4    -7.231991e-01     7.906397e+00
 * time: 207.4207100868225
     5    -1.300754e+00     8.143487e+00
 * time: 213.46548795700073
     6    -1.460688e+00     5.925957e+00
 * time: 219.38931012153625
     7    -1.693642e+00     5.860818e+00
 * time: 225.17238998413086
     8    -2.019601e+00     5.049553e+00
 * time: 230.73764300346375
     9    -2.244485e+00     5.754590e+00
 * time: 236.4042670726776
    10    -2.516567e+00     6.069251e+00
 * time: 242.07684516906738
    11    -2.688774e+00     4.953141e+00
 * time: 247.79265117645264
    12    -2.813722e+00     4.343218e+00
 * time: 253.68712615966797
    13    -2.951415e+00     3.086358e+00
 * time: 259.3953320980072
    14    -3.079966e+00     3.546411e+00
 * time: 265.2175760269165
    15    -3.192436e+00     3.442598e+00
 * time: 271.013414144516
    16    -3.301004e+00     5.253290e+00
 * time: 276.9127311706543
    17    -3.302465e+00     4.296005e+00
 * time: 282.6457920074463
    18    -3.362574e+00     2.825286e+00
 * time: 288.6569471359253
    19    -3.426926e+00     3.909200e+00
 * time: 294.86060404777527
    20    -3.473412e+00     3.351567e+00
 * time: 301.2696771621704
    21    -3.544007e+00     3.004059e+00
 * time: 307.8304970264435
    22    -3.559103e+00     7.148106e+00
 * time: 314.2457809448242
    23    -3.631615e+00     2.585383e+00
 * time: 320.79507517814636
    24    -3.679576e+00     3.321161e+00
 * time: 327.55678701400757
    25    -3.724301e+00     2.018646e+00
 * time: 334.27151107788086
    26    -3.762370e+00     2.668074e+00
 * time: 341.0722460746765
    27    -3.781388e+00     3.760622e+00
 * time: 354.23384308815
    28    -3.792296e+00     4.938932e+00
 * time: 361.0025460720062
    29    -3.816649e+00     1.584604e+00
 * time: 367.490935087204
    30    -3.824099e+00     1.300365e+00
 * time: 373.7995321750641
    31    -3.859176e+00     3.041211e+00
 * time: 380.19554710388184
    32    -3.889033e+00     2.716553e+00
 * time: 386.5682451725006
    33    -3.920840e+00     2.154656e+00
 * time: 393.03426599502563
    34    -3.945291e+00     3.675342e+00
 * time: 399.6080720424652
    35    -3.958565e+00     1.985573e+00
 * time: 406.1780230998993
    36    -3.970506e+00     1.780916e+00
 * time: 412.83883714675903
    37    -3.987756e+00     2.143423e+00
 * time: 419.3594970703125
    38    -3.996140e+00     1.814521e+00
 * time: 425.7680411338806
    39    -4.008791e+00     1.752924e+00
 * time: 431.92186307907104
    40    -4.012298e+00     1.666771e+00
 * time: 444.4341080188751
    41    -4.018381e+00     2.380203e+00
 * time: 450.6002390384674
    42    -4.025949e+00     2.977013e+00
 * time: 456.88750314712524
    43    -4.036150e+00     2.270429e+00
 * time: 462.99300813674927
    44    -4.046232e+00     2.513326e+00
 * time: 469.23880100250244
    45    -4.050623e+00     2.730654e+00
 * time: 475.7525839805603
    46    -4.050921e+00     1.815274e+00
 * time: 488.4650731086731
    47    -4.059743e+00     1.122305e+00
 * time: 495.21737813949585
    48    -4.066375e+00     8.112979e-01
 * time: 501.63640213012695
    49    -4.069236e+00     7.816263e-01
 * time: 508.196081161499
    50    -4.069692e+00     2.066281e+00
 * time: 514.6731209754944
    51    -4.074491e+00     1.044739e+00
 * time: 521.11998295784
    52    -4.075769e+00     5.841323e-01
 * time: 527.6711120605469
    53    -4.076597e+00     1.256016e+00
 * time: 534.2263870239258
    54    -4.077579e+00     1.414102e+00
 * time: 540.6414830684662
    55    -4.078039e+00     1.154443e+00
 * time: 567.0518970489502
    56    -4.082025e+00     1.232450e+00
 * time: 573.6384761333466
    57    -4.085862e+00     7.872949e-01
 * time: 580.3484680652618
    58    -4.087381e+00     1.313930e+00
 * time: 599.8354640007019
    59    -4.090659e+00     5.810336e-01
 * time: 606.2682859897614
    60    -4.091967e+00     8.599362e-01
 * time: 612.6381089687347
    61    -4.092730e+00     8.294868e-01
 * time: 625.3283581733704
    62    -4.092804e+00     1.844282e+00
 * time: 631.6619801521301
    63    -4.093579e+00     8.081790e-01
 * time: 638.1562459468842
    64    -4.096149e+00     7.262235e-01
 * time: 644.8472390174866
    65    -4.099446e+00     8.499660e-01
 * time: 651.6988940238953
    66    -4.100620e+00     7.399054e-01
 * time: 665.9808139801025
    67    -4.101993e+00     8.868790e-01
 * time: 673.2958660125732
    68    -4.103751e+00     6.178948e-01
 * time: 680.2390100955963
    69    -4.105023e+00     8.357821e-01
 * time: 686.7386610507965
    70    -4.105267e+00     7.805541e-01
 * time: 700.0574231147766
    71    -4.106023e+00     8.214140e-01
 * time: 706.667806148529
    72    -4.107051e+00     6.487743e-01
 * time: 713.2787511348724
    73    -4.107204e+00     8.803806e-01
 * time: 726.474935054779
    74    -4.107430e+00     9.389711e-01
 * time: 739.8297770023346
    75    -4.107733e+00     6.528903e-01
 * time: 753.1403629779816
    76    -4.107737e+00     7.354855e-01
 * time: 759.8285331726074
    77    -4.108410e+00     8.840589e-01
 * time: 766.7339291572571
    78    -4.110125e+00     8.870773e-01
 * time: 773.5037369728088
    79    -4.111655e+00     5.064105e-01
 * time: 780.2000820636749
    80    -4.112394e+00     8.838541e-01
 * time: 793.6745991706848
    81    -4.112975e+00     2.661229e-01
 * time: 800.3992731571198
    82    -4.113273e+00     4.230522e-01
 * time: 807.0869841575623
    83    -4.113334e+00     4.553599e-01
 * time: 813.8421709537506
    84    -4.113820e+00     6.634737e-01
 * time: 820.6742689609528
    85    -4.114299e+00     6.439267e-01
 * time: 827.433650970459
    86    -4.114992e+00     5.816989e-01
 * time: 834.1476731300354
    87    -4.115678e+00     4.794604e-01
 * time: 840.8600840568542
    88    -4.115918e+00     3.286651e-01
 * time: 847.5493440628052
    89    -4.115971e+00     3.633221e-01
 * time: 854.2224390506744
    90    -4.116124e+00     4.334989e-01
 * time: 860.8211491107941
    91    -4.116141e+00     5.237596e-01
 * time: 887.4801249504089
    92    -4.116395e+00     4.274321e-01
 * time: 894.1892471313477
    93    -4.116869e+00     2.526033e-01
 * time: 900.9579951763153
    94    -4.117019e+00     3.378128e-01
 * time: 920.387186050415
    95    -4.117238e+00     2.490115e-01
 * time: 927.0757319927216
    96    -4.117362e+00     2.494511e-01
 * time: 933.6812710762024
    97    -4.117531e+00     3.059816e-01
 * time: 940.314423084259
    98    -4.117690e+00     3.108637e-01
 * time: 947.0189640522003
    99    -4.117723e+00     5.652090e-01
 * time: 953.6527030467987
   100    -4.117731e+00     6.505181e-01
 * time: 967.2513370513916
Iter     Function value   Gradient norm
     0    -4.117731e+00     6.505181e-01
 * time: 5.793571472167969e-5
     1    -4.117916e+00     4.464752e-01
 * time: 80.1300699710846
     2    -4.117985e+00     2.202702e-01
 * time: 86.47321009635925
     3    -4.118005e+00     1.419036e-01
 * time: 92.87937998771667
     4    -4.118018e+00     1.642096e-01
 * time: 99.28357696533203
     5    -4.118089e+00     2.106702e-01
 * time: 105.63070392608643
     6    -4.118156e+00     1.849885e-01
 * time: 111.9807379245758
     7    -4.118266e+00     1.587405e-01
 * time: 118.42619705200195
     8    -4.118388e+00     1.611468e-01
 * time: 124.91455698013306
     9    -4.118429e+00     2.750270e-01
 * time: 131.2639319896698
    10    -4.118466e+00     2.535169e-01
 * time: 137.64770197868347
    11    -4.118557e+00     1.818083e-01
 * time: 144.062264919281
    12    -4.118716e+00     2.497662e-01
 * time: 150.46600794792175
    13    -4.118870e+00     3.644524e-01
 * time: 156.82795000076294
    14    -4.119102e+00     3.950765e-01
 * time: 163.18974900245667
    15    -4.119210e+00     3.120409e-01
 * time: 176.2399251461029
    16    -4.119322e+00     2.766866e-01
 * time: 182.7527060508728
    17    -4.119475e+00     4.851705e-01
 * time: 189.51093411445618
    18    -4.119697e+00     2.923054e-01
 * time: 196.1498200893402
    19    -4.119864e+00     3.673816e-01
 * time: 202.75824213027954
    20    -4.119875e+00     3.703692e-01
 * time: 215.6146309375763
    21    -4.119878e+00     2.729796e-01
 * time: 222.30555701255798
    22    -4.119981e+00     2.218629e-01
 * time: 228.73555302619934
    23    -4.120047e+00     1.350684e-01
 * time: 235.32443714141846
    24    -4.120132e+00     1.102980e-01
 * time: 241.92444705963135
    25    -4.120197e+00     1.871678e-01
 * time: 248.34296798706055
    26    -4.120234e+00     1.659480e-01
 * time: 261.3728070259094
    27    -4.120287e+00     1.468721e-01
 * time: 267.8429551124573
    28    -4.120291e+00     4.747797e-01
 * time: 274.3309350013733
    29    -4.120391e+00     2.075079e-01
 * time: 280.71240305900574
    30    -4.120413e+00     1.014901e-01
 * time: 287.2743139266968
    31    -4.120424e+00     9.865339e-02
 * time: 293.75117111206055
    32    -4.120453e+00     8.973101e-02
 * time: 300.20115208625793
    33    -4.120463e+00     1.247920e-01
 * time: 313.39717197418213
    34    -4.120487e+00     1.161236e-01
 * time: 319.78519201278687
    35    -4.120500e+00     1.290048e-01
 * time: 326.35378408432007
    36    -4.120524e+00     9.786135e-02
 * time: 332.9004590511322
    37    -4.120545e+00     1.588419e-01
 * time: 339.22798800468445
    38    -4.120553e+00     1.857559e-01
 * time: 345.60784912109375
    39    -4.120568e+00     1.151842e-01
 * time: 351.96331691741943
    40    -4.120579e+00     7.105879e-02
 * time: 358.4007270336151
    41    -4.120597e+00     1.042541e-01
 * time: 364.94572401046753
    42    -4.120610e+00     1.187308e-01
 * time: 371.4880440235138
    43    -4.120620e+00     1.218338e-01
 * time: 378.0688121318817
    44    -4.120631e+00     9.349309e-02
 * time: 391.19824409484863
    45    -4.120638e+00     7.693511e-02
 * time: 404.27831506729126
    46    -4.120646e+00     7.558425e-02
 * time: 410.71910309791565
    47    -4.120664e+00     7.012786e-02
 * time: 417.17590403556824
    48    -4.120680e+00     7.392518e-02
 * time: 423.65969800949097
    49    -4.120693e+00     7.005202e-02
 * time: 430.1975119113922
    50    -4.120714e+00     1.266847e-01
 * time: 436.5856730937958
    51    -4.120726e+00     1.605111e-01
 * time: 449.6145250797272
    52    -4.120748e+00     1.263600e-01
 * time: 456.02366495132446
    53    -4.120763e+00     1.090388e-01
 * time: 469.05567812919617
    54    -4.120770e+00     4.623133e-02
 * time: 481.96050095558167
    55    -4.120772e+00     7.480564e-02
 * time: 488.53060007095337
    56    -4.120776e+00     8.261599e-02
 * time: 494.98977994918823
    57    -4.120783e+00     4.160905e-02
 * time: 501.5492510795593
    58    -4.120785e+00     9.217217e-02
 * time: 507.8348469734192
    59    -4.120788e+00     9.360786e-02
 * time: 514.1412630081177
    60    -4.120794e+00     7.931717e-02
 * time: 520.6741890907288
    61    -4.120796e+00     7.711188e-02
 * time: 527.1152250766754
    62    -4.120798e+00     8.114328e-02
 * time: 533.819687128067
    63    -4.120801e+00     9.377815e-02
 * time: 540.220468044281
    64    -4.120805e+00     7.836337e-02
 * time: 546.6334829330444
    65    -4.120810e+00     9.776997e-02
 * time: 553.0555851459503
    66    -4.120812e+00     9.485265e-02
 * time: 559.5286531448364
    67    -4.120815e+00     6.226725e-02
 * time: 572.536612033844
    68    -4.120819e+00     7.318125e-02
 * time: 578.9547500610352
    69    -4.120825e+00     9.725103e-02
 * time: 585.4412019252777
    70    -4.120828e+00     8.098800e-02
 * time: 591.8966670036316
    71    -4.120832e+00     3.489966e-02
 * time: 598.415048122406
    72    -4.120832e+00     4.975655e-02
 * time: 604.8630640506744
    73    -4.120833e+00     7.645242e-02
 * time: 611.3153080940247
    74    -4.120836e+00     1.060222e-01
 * time: 617.8536229133606
    75    -4.120844e+00     1.302441e-01
 * time: 624.3787169456482
    76    -4.120848e+00     1.135416e-01
 * time: 630.9395370483398
    77    -4.120852e+00     7.839784e-02
 * time: 643.7730429172516
    78    -4.120853e+00     6.821556e-02
 * time: 650.4214911460876
    79    -4.120857e+00     5.236261e-02
 * time: 663.3535580635071
    80    -4.120861e+00     5.274556e-02
 * time: 669.9223139286041
    81    -4.120867e+00     6.070467e-02
 * time: 676.3648979663849
    82    -4.120870e+00     8.386543e-02
 * time: 695.8181960582733
    83    -4.120874e+00     4.800195e-02
 * time: 702.3493049144745
    84    -4.120876e+00     3.362418e-02
 * time: 708.8245069980621
    85    -4.120876e+00     2.615929e-02
 * time: 715.2781200408936
    86    -4.120879e+00     1.952465e-02
 * time: 721.923082113266
    87    -4.120882e+00     4.001145e-02
 * time: 728.3776979446411
    88    -4.120883e+00     5.621876e-02
 * time: 734.9550931453705
    89    -4.120886e+00     4.033008e-02
 * time: 741.4642100334167
    90    -4.120887e+00     4.105431e-02
 * time: 760.9629571437836
    91    -4.120890e+00     1.790933e-02
 * time: 767.4882681369781
    92    -4.120891e+00     1.784881e-02
 * time: 773.959361076355
    93    -4.120892e+00     2.131273e-02
 * time: 780.5659019947052
    94    -4.120894e+00     2.411087e-02
 * time: 787.0672669410706
    95    -4.120895e+00     4.008736e-02
 * time: 793.5431900024414
    96    -4.120895e+00     2.829752e-02
 * time: 800.0970280170441
    97    -4.120896e+00     1.473115e-02
 * time: 806.6464741230011
    98    -4.120897e+00     1.144622e-02
 * time: 813.1074631214142
    99    -4.120897e+00     1.210348e-02
 * time: 819.5134861469269
   100    -4.120898e+00     1.800373e-02
 * time: 832.483794927597
Iter     Function value   Gradient norm
     0    -4.120898e+00     1.800373e-02
 * time: 6.103515625e-5
     1    -4.120898e+00     1.239881e-02
 * time: 45.53036618232727
     2    -4.120898e+00     1.202703e-02
 * time: 52.003589153289795
     3    -4.120898e+00     1.332606e-02
 * time: 58.429651975631714
     4    -4.120898e+00     2.034258e-02
 * time: 64.90984106063843
     5    -4.120899e+00     2.477959e-02
 * time: 71.39887809753418
     6    -4.120899e+00     1.988243e-02
 * time: 77.90343809127808
     7    -4.120899e+00     1.637140e-02
 * time: 84.35740900039673
     8    -4.120900e+00     2.188573e-02
 * time: 90.91339612007141
     9    -4.120900e+00     2.048774e-02
 * time: 97.4124710559845
    10    -4.120900e+00     1.313462e-02
 * time: 103.88646006584167
    11    -4.120901e+00     9.184926e-03
 * time: 110.36673712730408
    12    -4.120901e+00     2.193107e-02
 * time: 123.5560851097107
    13    -4.120901e+00     9.790599e-03
 * time: 130.10261607170105
    14    -4.120901e+00     6.784353e-03
 * time: 136.55471515655518
    15    -4.120901e+00     9.065300e-03
 * time: 143.06488299369812
    16    -4.120901e+00     8.107023e-03
 * time: 149.7970130443573
    17    -4.120902e+00     1.038923e-02
 * time: 162.7119300365448
    18    -4.120902e+00     7.914344e-03
 * time: 169.06658506393433
    19    -4.120902e+00     9.605853e-03
 * time: 175.6383180618286
    20    -4.120902e+00     7.463573e-03
 * time: 182.48603296279907
 