Iter     Function value   Gradient norm
     0     8.527127e-01     4.247567e+00
 * time: 6.29425048828125e-5
     1    -1.944857e-01     2.779718e+00
 * time: 0.6403141021728516
     2    -3.480601e-01     5.634225e-01
 * time: 1.0868010520935059
     3    -3.688455e-01     7.264201e-01
 * time: 1.3629310131072998
     4    -3.884687e-01     9.849117e-01
 * time: 1.6643540859222412
     5    -4.205252e-01     6.611066e-01
 * time: 1.813960075378418
     6    -4.272197e-01     6.345355e-01
 * time: 1.959522008895874
     7    -4.289292e-01     8.385853e-01
 * time: 2.1047770977020264
     8    -4.296193e-01     9.190349e-01
 * time: 5.1794068813323975
     9    -4.300663e-01     9.981981e-01
 * time: 8.006782054901123
    10    -4.300663e-01     9.981988e-01
 * time: 12.894361972808838
    11    -4.480199e-01     9.244831e-01
 * time: 13.198703050613403
    12    -4.488648e-01     9.718735e-01
 * time: 16.928301095962524
    13    -4.493047e-01     1.025797e+00
 * time: 19.67333197593689
    14    -4.497721e-01     1.070577e+00
 * time: 23.353270053863525
    15    -4.500038e-01     1.077099e+00
 * time: 26.81333088874817
    16    -4.504525e-01     1.110311e+00
 * time: 30.415262937545776
    17    -4.508809e-01     1.193626e+00
 * time: 34.769707918167114
    18    -4.509773e-01     1.295908e+00
 * time: 37.88044500350952
    19    -4.509773e-01     1.295907e+00
 * time: 45.452763080596924
    20    -4.512391e-01     1.436003e+00
 * time: 46.06369400024414
    21    -4.512437e-01     1.436895e+00
 * time: 49.78008198738098
    22    -4.755779e-01     5.078408e-01
 * time: 50.089926958084106
    23    -4.755780e-01     5.078411e-01
 * time: 53.35572004318237
    24    -4.755781e-01     5.078408e-01
 * time: 57.312511920928955
    25    -4.791475e-01     9.263385e-01
 * time: 57.97201108932495
    26    -4.877898e-01     5.996040e-01
 * time: 58.12502694129944
    27    -4.932971e-01     9.136433e-01
 * time: 58.27836489677429
    28    -4.954851e-01     1.500440e+00
 * time: 58.43620800971985
    29    -5.188150e-01     1.244517e+00
 * time: 58.5927529335022
    30    -5.560110e-01     8.477290e-01
 * time: 58.751007080078125
    31    -5.703259e-01     1.074257e+00
 * time: 58.9110689163208
    32    -5.814655e-01     9.092010e-01
 * time: 59.63762593269348
    33    -5.922279e-01     8.775507e-01
 * time: 59.804816007614136
    34    -6.125272e-01     6.994902e-01
 * time: 59.96586799621582
    35    -6.141916e-01     2.593503e-01
 * time: 60.13024306297302
    36    -6.168131e-01     1.781887e-01
 * time: 60.29951500892639
    37    -6.182433e-01     1.325649e-01
 * time: 60.629318952560425
    38    -6.190214e-01     1.543865e-01
 * time: 60.795823097229004
    39    -6.196400e-01     1.362905e-01
 * time: 61.12703800201416
    40    -6.198148e-01     1.095013e-01
 * time: 61.293102979660034
    41    -6.199767e-01     1.511840e-01
 * time: 61.45916390419006
    42    -6.203359e-01     1.905207e-01
 * time: 61.784887075424194
    43    -6.208915e-01     1.295948e-01
 * time: 62.110387086868286
    44    -6.211212e-01     1.662607e-01
 * time: 62.27482008934021
    45    -6.212685e-01     1.084953e-01
 * time: 62.763745069503784
    46    -6.213621e-01     7.037948e-02
 * time: 63.09195804595947
    47    -6.213892e-01     7.415866e-02
 * time: 63.75054097175598
    48    -6.213893e-01     7.415752e-02
 * time: 68.99865007400513
    49    -6.214073e-01     7.042859e-02
 * time: 69.49181294441223
    50    -6.214696e-01     5.848315e-02
 * time: 69.81886887550354
    51    -6.215099e-01     5.092092e-02
 * time: 69.98504304885864
    52    -6.215594e-01     6.120078e-02
 * time: 70.14886498451233
    53    -6.215648e-01     6.756864e-02
 * time: 73.75035190582275
    54    -6.215654e-01     7.080740e-02
 * time: 76.5275650024414
    55    -6.215655e-01     7.173129e-02
 * time: 79.80480194091797
    56    -6.215659e-01     7.510386e-02
 * time: 82.75980710983276
    57    -6.215664e-01     7.775927e-02
 * time: 85.53436207771301
    58    -6.215673e-01     8.036124e-02
 * time: 88.8006808757782
    59    -6.215676e-01     8.185173e-02
 * time: 91.90773296356201
    60    -6.215710e-01     8.323824e-02
 * time: 92.39650297164917
    61    -6.215710e-01     8.323518e-02
 * time: 98.58661389350891
    62    -6.215728e-01     7.706787e-02
 * time: 99.23879909515381
    63    -6.215746e-01     7.074375e-02
 * time: 100.059809923172
    64    -6.215777e-01     5.647854e-02
 * time: 100.71091890335083
    65    -6.215876e-01     4.053909e-02
 * time: 101.03822708129883
    66    -6.216171e-01     2.883581e-02
 * time: 101.20296907424927
    67    -6.216726e-01     2.389993e-02
 * time: 101.36507201194763
    68    -6.217012e-01     3.713358e-02
 * time: 101.6914439201355
    69    -6.217012e-01     3.733669e-02
 * time: 104.78905987739563
    70    -6.217034e-01     4.940258e-02
 * time: 105.11423206329346
    71    -6.217036e-01     5.431135e-02
 * time: 105.77872204780579
    72    -6.217571e-01     2.237889e-02
 * time: 106.10739994049072
    73    -6.217668e-01     1.475001e-02
 * time: 106.4400680065155
    74    -6.217693e-01     1.426869e-02
 * time: 106.60805010795593
    75    -6.217789e-01     9.692506e-03
 * time: 106.770672082901
    76    -6.217825e-01     4.906368e-03
 * time: 106.93708992004395
    77    -6.217836e-01     3.082085e-03
 * time: 107.10246801376343
    78    -6.217843e-01     3.431814e-03
 * time: 107.42993092536926
    79    -6.217845e-01     5.313390e-03
 * time: 107.75559902191162
    80    -6.217845e-01     6.426797e-03
 * time: 108.73375391960144
    81    -6.217846e-01     7.026989e-03
 * time: 109.5546760559082
    82    -6.217848e-01     7.238274e-03
 * time: 109.88574290275574
    83    -6.217850e-01     6.821473e-03
 * time: 110.2097270488739
    84    -6.217850e-01     7.281246e-03
 * time: 111.1899619102478
    85    -6.217853e-01     5.918946e-03
 * time: 111.67607593536377
    86    -6.217857e-01     5.687723e-03
 * time: 112.00368690490723
    87    -6.217860e-01     3.384802e-03
 * time: 112.17039608955383
    88    -6.217862e-01     6.014184e-03
 * time: 112.33170509338379
    89    -6.217862e-01     6.014240e-03
 * time: 114.77893805503845
    90    -6.217862e-01     6.503278e-03
 * time: 115.91546487808228
    91    -6.217863e-01     6.502260e-03
 * time: 116.40545606613159
    92    -6.217864e-01     5.348971e-03
 * time: 116.73347687721252
    93    -6.217864e-01     4.736136e-03
 * time: 117.05782198905945
    94    -6.217865e-01     4.423311e-03
 * time: 117.3812849521637
    95    -6.217865e-01     3.863081e-03
 * time: 117.70735287666321
    96    -6.217866e-01     3.876156e-03
 * time: 118.03605508804321
    97    -6.217867e-01     4.007040e-03
 * time: 118.36344599723816
    98    -6.217868e-01     4.160552e-03
 * time: 118.69205403327942
    99    -6.217868e-01     4.105914e-03
 * time: 119.02006387710571
   100    -6.217869e-01     4.490813e-03
 * time: 119.18620109558105
Iter     Function value   Gradient norm
     0    -6.217869e-01     4.490813e-03
 * time: 5.602836608886719e-5
     1    -6.217873e-01     1.195660e-03
 * time: 0.9836859703063965
     2    -6.217873e-01     9.970783e-04
 * time: 1.1470539569854736
     3    -6.217874e-01     9.005710e-04
 * time: 1.31187105178833
     4    -6.217874e-01     3.275439e-04
 * time: 1.4762520790100098
     5    -6.217874e-01     2.569085e-04
 * time: 1.807919979095459
     6    -6.217874e-01     2.905551e-04
 * time: 2.134571075439453
     7    -6.217874e-01     2.761196e-04
 * time: 2.468377113342285
Iter     Function value   Gradient norm
     0    -6.217874e-01     2.761196e-04
 * time: 5.1975250244140625e-5
     1    -6.217874e-01     3.771819e-04
 * time: 0.818026065826416
     2    -6.217874e-01     1.532627e-04
 * time: 0.9790871143341064
     3    -6.217874e-01     1.450801e-04
 * time: 1.1467978954315186
     4    -6.217874e-01     1.787998e-04
 * time: 1.4740259647369385
Iter     Function value   Gradient norm
     0    -6.217874e-01     1.787998e-04
 * time: 5.316734313964844e-5
     1    -6.217874e-01     2.484215e-04
 * time: 0.8158371448516846
     2    -6.217874e-01     1.689068e-04
 * time: 0.9810600280761719
     3    -6.217874e-01     1.530945e-04
 * time: 1.3091151714324951
     4    -6.217874e-01     1.956438e-04
 * time: 4.420189142227173
     5    -6.217874e-01     2.027417e-04
 * time: 6.5412609577178955
Iter     Function value   Gradient norm
     0    -6.217874e-01     2.027417e-04
 * time: 5.507469177246094e-5
     1    -6.217874e-01     1.203906e-04
 * time: 0.9914040565490723
     2    -6.217874e-01     1.417232e-04
 * time: 1.1561338901519775
     3    -6.217874e-01     1.994360e-04
 * time: 1.3203189373016357
Iter     Function value   Gradient norm
     0    -6.217874e-01     1.994360e-04
 * time: 5.602836608886719e-5
     1    -6.217874e-01     9.368881e-05
 * time: 0.9776039123535156
     2    -6.217874e-01     1.119070e-04
 * time: 1.4724488258361816
Actual energy: -0.6217874343591906